<?xml version="1.0" encoding="ISO-8859-1" ?>
<link_info>
   <banner>TMS320C2000 Linker PC v22.6.0.LTS</banner>
   <copyright>Copyright (c) 1996-2018 Texas Instruments Incorporated</copyright>
   <link_time>0x64817cd8</link_time>
   <link_errors>0x0</link_errors>
   <output_file>TZ_EX2.out</output_file>
   <entry_point>
      <name>_c_int00</name>
      <address>0x34e</address>
   </entry_point>
   <input_file_list>
      <input_file id="fl-2">
         <path>.\</path>
         <kind>object</kind>
         <file>Comm.obj</file>
         <name>Comm.obj</name>
      </input_file>
      <input_file id="fl-3">
         <path>.\</path>
         <kind>object</kind>
         <file>ILOOP.obj</file>
         <name>ILOOP.obj</name>
      </input_file>
      <input_file id="fl-4">
         <path>.\</path>
         <kind>object</kind>
         <file>Init.obj</file>
         <name>Init.obj</name>
      </input_file>
      <input_file id="fl-5">
         <path>.\</path>
         <kind>object</kind>
         <file>MODULE_DI.obj</file>
         <name>MODULE_DI.obj</name>
      </input_file>
      <input_file id="fl-6">
         <path>.\</path>
         <kind>object</kind>
         <file>f28004x_adc.obj</file>
         <name>f28004x_adc.obj</name>
      </input_file>
      <input_file id="fl-7">
         <path>.\</path>
         <kind>object</kind>
         <file>f28004x_codestartbranch.obj</file>
         <name>f28004x_codestartbranch.obj</name>
      </input_file>
      <input_file id="fl-8">
         <path>.\</path>
         <kind>object</kind>
         <file>f28004x_cputimers.obj</file>
         <name>f28004x_cputimers.obj</name>
      </input_file>
      <input_file id="fl-9">
         <path>.\</path>
         <kind>object</kind>
         <file>f28004x_defaultisr.obj</file>
         <name>f28004x_defaultisr.obj</name>
      </input_file>
      <input_file id="fl-a">
         <path>.\</path>
         <kind>object</kind>
         <file>f28004x_globalvariabledefs.obj</file>
         <name>f28004x_globalvariabledefs.obj</name>
      </input_file>
      <input_file id="fl-b">
         <path>.\</path>
         <kind>object</kind>
         <file>f28004x_gpio.obj</file>
         <name>f28004x_gpio.obj</name>
      </input_file>
      <input_file id="fl-c">
         <path>.\</path>
         <kind>object</kind>
         <file>f28004x_piectrl.obj</file>
         <name>f28004x_piectrl.obj</name>
      </input_file>
      <input_file id="fl-d">
         <path>.\</path>
         <kind>object</kind>
         <file>f28004x_pievect.obj</file>
         <name>f28004x_pievect.obj</name>
      </input_file>
      <input_file id="fl-e">
         <path>.\</path>
         <kind>object</kind>
         <file>f28004x_sysctrl.obj</file>
         <name>f28004x_sysctrl.obj</name>
      </input_file>
      <input_file id="fl-f">
         <path>.\</path>
         <kind>object</kind>
         <file>f28004x_usdelay.obj</file>
         <name>f28004x_usdelay.obj</name>
      </input_file>
      <input_file id="fl-10">
         <path>.\</path>
         <kind>object</kind>
         <file>main.obj</file>
         <name>main.obj</name>
      </input_file>
      <input_file id="fl-11">
         <path>.\</path>
         <kind>object</kind>
         <file>pid.obj</file>
         <name>pid.obj</name>
      </input_file>
      <input_file id="fl-16">
         <kind>object</kind>
         <file>&lt;internal&gt;</file>
         <name>&lt;internal&gt;</name>
      </input_file>
      <input_file id="fl-22">
         <path>C:\ti\ccs1230\ccs\tools\compiler\ti-cgt-c2000_22.6.0.LTS\lib\</path>
         <kind>archive</kind>
         <file>rts2800_fpu32.lib</file>
         <name>e_sqrtf.c.obj</name>
      </input_file>
      <input_file id="fl-23">
         <path>C:\ti\ccs1230\ccs\tools\compiler\ti-cgt-c2000_22.6.0.LTS\lib\</path>
         <kind>archive</kind>
         <file>rts2800_fpu32.lib</file>
         <name>s_sinf.c.obj</name>
      </input_file>
      <input_file id="fl-24">
         <path>C:\ti\ccs1230\ccs\tools\compiler\ti-cgt-c2000_22.6.0.LTS\lib\</path>
         <kind>archive</kind>
         <file>rts2800_fpu32.lib</file>
         <name>boot28.asm.obj</name>
      </input_file>
      <input_file id="fl-25">
         <path>C:\ti\ccs1230\ccs\tools\compiler\ti-cgt-c2000_22.6.0.LTS\lib\</path>
         <kind>archive</kind>
         <file>rts2800_fpu32.lib</file>
         <name>fs_div28.asm.obj</name>
      </input_file>
      <input_file id="fl-26">
         <path>C:\ti\ccs1230\ccs\tools\compiler\ti-cgt-c2000_22.6.0.LTS\lib\</path>
         <kind>archive</kind>
         <file>rts2800_fpu32.lib</file>
         <name>cpy_tbl.c.obj</name>
      </input_file>
      <input_file id="fl-27">
         <path>C:\ti\ccs1230\ccs\tools\compiler\ti-cgt-c2000_22.6.0.LTS\lib\</path>
         <kind>archive</kind>
         <file>rts2800_fpu32.lib</file>
         <name>memcpy.c.obj</name>
      </input_file>
      <input_file id="fl-28">
         <path>C:\ti\ccs1230\ccs\tools\compiler\ti-cgt-c2000_22.6.0.LTS\lib\</path>
         <kind>archive</kind>
         <file>rts2800_fpu32.lib</file>
         <name>pre_init.c.obj</name>
      </input_file>
      <input_file id="fl-29">
         <path>C:\ti\ccs1230\ccs\tools\compiler\ti-cgt-c2000_22.6.0.LTS\lib\</path>
         <kind>archive</kind>
         <file>rts2800_fpu32.lib</file>
         <name>startup.c.obj</name>
      </input_file>
      <input_file id="fl-2a">
         <path>C:\ti\ccs1230\ccs\tools\compiler\ti-cgt-c2000_22.6.0.LTS\lib\</path>
         <kind>archive</kind>
         <file>rts2800_fpu32.lib</file>
         <name>exit.c.obj</name>
      </input_file>
      <input_file id="fl-2b">
         <path>C:\ti\ccs1230\ccs\tools\compiler\ti-cgt-c2000_22.6.0.LTS\lib\</path>
         <kind>archive</kind>
         <file>rts2800_fpu32.lib</file>
         <name>_lock.c.obj</name>
      </input_file>
      <input_file id="fl-2c">
         <path>C:\ti\ccs1230\ccs\tools\compiler\ti-cgt-c2000_22.6.0.LTS\lib\</path>
         <kind>archive</kind>
         <file>rts2800_fpu32.lib</file>
         <name>args_main.c.obj</name>
      </input_file>
      <input_file id="fl-2d">
         <path>C:\ti\ccs1230\ccs\tools\compiler\ti-cgt-c2000_22.6.0.LTS\lib\</path>
         <kind>archive</kind>
         <file>rts2800_fpu32.lib</file>
         <name>errno.c.obj</name>
      </input_file>
   </input_file_list>
   <object_component_list>
      <object_component id="oc-9a">
         <name>codestart</name>
         <load_address>0x0</load_address>
         <run_address>0x0</run_address>
         <size>0x2</size>
         <input_file_ref idref="fl-7"/>
      </object_component>
      <object_component id="oc-128">
         <name>.TI.ramfunc</name>
         <load_address>0x25a</load_address>
         <run_address>0x25a</run_address>
         <size>0x4</size>
         <input_file_ref idref="fl-f"/>
      </object_component>
      <object_component id="oc-148">
         <name>.text</name>
         <load_address>0x25e</load_address>
         <run_address>0x25e</run_address>
         <size>0x88</size>
         <input_file_ref idref="fl-25"/>
      </object_component>
      <object_component id="oc-186">
         <name>.text</name>
         <load_address>0x2e6</load_address>
         <run_address>0x2e6</run_address>
         <size>0x68</size>
         <input_file_ref idref="fl-6"/>
      </object_component>
      <object_component id="oc-7c">
         <name>.text</name>
         <load_address>0x34e</load_address>
         <run_address>0x34e</run_address>
         <size>0x56</size>
         <input_file_ref idref="fl-24"/>
      </object_component>
      <object_component id="oc-17c">
         <name>.text</name>
         <load_address>0x3a4</load_address>
         <run_address>0x3a4</run_address>
         <size>0x3d</size>
         <input_file_ref idref="fl-10"/>
      </object_component>
      <object_component id="oc-17b">
         <name>.text</name>
         <load_address>0x3e1</load_address>
         <run_address>0x3e1</run_address>
         <size>0x1d</size>
         <input_file_ref idref="fl-27"/>
      </object_component>
      <object_component id="oc-176">
         <name>.text</name>
         <load_address>0x3fe</load_address>
         <run_address>0x3fe</run_address>
         <size>0x2</size>
         <input_file_ref idref="fl-28"/>
      </object_component>
      <object_component id="oc-a8">
         <name>.text:retain</name>
         <load_address>0x8000</load_address>
         <run_address>0x8000</run_address>
         <size>0x58b</size>
         <input_file_ref idref="fl-9"/>
      </object_component>
      <object_component id="oc-183">
         <name>.text</name>
         <load_address>0x858b</load_address>
         <run_address>0x858b</run_address>
         <size>0x1fe</size>
         <input_file_ref idref="fl-b"/>
      </object_component>
      <object_component id="oc-17a">
         <name>.text</name>
         <load_address>0x8789</load_address>
         <run_address>0x8789</run_address>
         <size>0x29</size>
         <input_file_ref idref="fl-2a"/>
      </object_component>
      <object_component id="oc-184">
         <name>.text</name>
         <load_address>0x87b2</load_address>
         <run_address>0x87b2</run_address>
         <size>0x24</size>
         <input_file_ref idref="fl-c"/>
      </object_component>
      <object_component id="oc-177">
         <name>.text</name>
         <load_address>0x87d6</load_address>
         <run_address>0x87d6</run_address>
         <size>0x24</size>
         <input_file_ref idref="fl-26"/>
      </object_component>
      <object_component id="oc-178">
         <name>.text</name>
         <load_address>0x87fa</load_address>
         <run_address>0x87fa</run_address>
         <size>0x1</size>
         <input_file_ref idref="fl-29"/>
      </object_component>
      <object_component id="oc-17f">
         <name>.text</name>
         <load_address>0x8800</load_address>
         <run_address>0x8800</run_address>
         <size>0x2e6</size>
         <input_file_ref idref="fl-e"/>
      </object_component>
      <object_component id="oc-180">
         <name>.text</name>
         <load_address>0x8ae6</load_address>
         <run_address>0x8ae6</run_address>
         <size>0x276</size>
         <input_file_ref idref="fl-4"/>
      </object_component>
      <object_component id="oc-185">
         <name>.text</name>
         <load_address>0x8d5c</load_address>
         <run_address>0x8d5c</run_address>
         <size>0x22</size>
         <input_file_ref idref="fl-d"/>
      </object_component>
      <object_component id="oc-179">
         <name>.text</name>
         <load_address>0x8d7e</load_address>
         <run_address>0x8d7e</run_address>
         <size>0x12</size>
         <input_file_ref idref="fl-2c"/>
      </object_component>
      <object_component id="oc-181">
         <name>.text</name>
         <load_address>0x8d90</load_address>
         <run_address>0x8d90</run_address>
         <size>0x9</size>
         <input_file_ref idref="fl-2b"/>
      </object_component>
      <object_component id="oc-84">
         <name>.cinit</name>
         <load_address>0xf5</load_address>
         <run_address>0xf5</run_address>
         <size>0x10a</size>
         <input_file_ref idref="fl-3"/>
      </object_component>
      <object_component id="oc-a6">
         <name>.cinit</name>
         <load_address>0x1ff</load_address>
         <run_address>0x1ff</run_address>
         <size>0x3d</size>
         <input_file_ref idref="fl-9"/>
      </object_component>
      <object_component id="oc-162">
         <name>.cinit</name>
         <load_address>0x23c</load_address>
         <run_address>0x23c</run_address>
         <size>0xe</size>
         <input_file_ref idref="fl-2a"/>
      </object_component>
      <object_component id="oc-17e">
         <name>.cinit:__lock</name>
         <load_address>0x24a</load_address>
         <run_address>0x24a</run_address>
         <size>0x5</size>
         <input_file_ref idref="fl-2b"/>
      </object_component>
      <object_component id="oc-182">
         <name>.cinit:__unlock</name>
         <load_address>0x24f</load_address>
         <run_address>0x24f</run_address>
         <size>0x5</size>
         <input_file_ref idref="fl-2b"/>
      </object_component>
      <object_component id="oc-173">
         <name>.cinit</name>
         <load_address>0x254</load_address>
         <run_address>0x254</run_address>
         <size>0x4</size>
         <input_file_ref idref="fl-2d"/>
      </object_component>
      <object_component id="oc-143">
         <name>.reset</name>
         <load_address>0x3fffc0</load_address>
         <run_address>0x3fffc0</run_address>
         <size>0x2</size>
         <input_file_ref idref="fl-24"/>
      </object_component>
      <object_component id="oc-142">
         <name>.stack</name>
         <uninitialized>true</uninitialized>
         <run_address>0x400</run_address>
         <size>0x0</size>
         <input_file_ref idref="fl-24"/>
      </object_component>
      <object_component id="oc-20c">
         <name>.stack</name>
         <uninitialized>true</uninitialized>
         <run_address>0x400</run_address>
         <size>0x0</size>
      </object_component>
      <object_component id="oc-7e">
         <name>.ebss</name>
         <uninitialized>true</uninitialized>
         <run_address>0xaa80</run_address>
         <size>0x70</size>
         <input_file_ref idref="fl-2"/>
      </object_component>
      <object_component id="oc-85">
         <name>.ebss</name>
         <uninitialized>true</uninitialized>
         <run_address>0xab00</run_address>
         <size>0x64</size>
         <input_file_ref idref="fl-3"/>
      </object_component>
      <object_component id="oc-90">
         <name>.ebss</name>
         <uninitialized>true</uninitialized>
         <run_address>0xab64</run_address>
         <size>0xc</size>
         <input_file_ref idref="fl-5"/>
      </object_component>
      <object_component id="oc-a0">
         <name>.ebss</name>
         <uninitialized>true</uninitialized>
         <run_address>0xaa66</run_address>
         <size>0x18</size>
         <input_file_ref idref="fl-8"/>
      </object_component>
      <object_component id="oc-a7">
         <name>.ebss</name>
         <uninitialized>true</uninitialized>
         <run_address>0xaaf0</run_address>
         <size>0x10</size>
         <input_file_ref idref="fl-9"/>
      </object_component>
      <object_component id="oc-133">
         <name>.ebss</name>
         <uninitialized>true</uninitialized>
         <run_address>0xa9c0</run_address>
         <size>0xa6</size>
         <input_file_ref idref="fl-11"/>
      </object_component>
      <object_component id="oc-163">
         <name>.ebss</name>
         <uninitialized>true</uninitialized>
         <run_address>0xab70</run_address>
         <size>0x6</size>
         <input_file_ref idref="fl-2a"/>
      </object_component>
      <object_component id="oc-17d">
         <name>.ebss:__lock</name>
         <uninitialized>true</uninitialized>
         <run_address>0xaa7e</run_address>
         <size>0x2</size>
         <input_file_ref idref="fl-2b"/>
      </object_component>
      <object_component id="oc-187">
         <name>.ebss:__unlock</name>
         <uninitialized>true</uninitialized>
         <run_address>0xab76</run_address>
         <size>0x2</size>
         <input_file_ref idref="fl-2b"/>
      </object_component>
      <object_component id="oc-174">
         <name>.ebss</name>
         <uninitialized>true</uninitialized>
         <run_address>0xab78</run_address>
         <size>0x1</size>
         <input_file_ref idref="fl-2d"/>
      </object_component>
      <object_component id="oc-188">
         <name>.econst:_PieVectTableInit</name>
         <load_address>0xa800</load_address>
         <run_address>0xa800</run_address>
         <size>0x1c0</size>
         <input_file_ref idref="fl-d"/>
      </object_component>
      <object_component id="oc-110">
         <name>PieVectTableFile</name>
         <uninitialized>true</uninitialized>
         <run_address>0xd00</run_address>
         <size>0x1c0</size>
         <input_file_ref idref="fl-a"/>
      </object_component>
      <object_component id="oc-d1">
         <name>AdcaResultFile</name>
         <uninitialized>true</uninitialized>
         <run_address>0xb00</run_address>
         <size>0x18</size>
         <input_file_ref idref="fl-a"/>
      </object_component>
      <object_component id="oc-d2">
         <name>AdcbResultFile</name>
         <uninitialized>true</uninitialized>
         <run_address>0xb20</run_address>
         <size>0x18</size>
         <input_file_ref idref="fl-a"/>
      </object_component>
      <object_component id="oc-d3">
         <name>AdccResultFile</name>
         <uninitialized>true</uninitialized>
         <run_address>0xb40</run_address>
         <size>0x18</size>
         <input_file_ref idref="fl-a"/>
      </object_component>
      <object_component id="oc-fb">
         <name>AdcaRegsFile</name>
         <uninitialized>true</uninitialized>
         <run_address>0x7400</run_address>
         <size>0x76</size>
         <input_file_ref idref="fl-a"/>
      </object_component>
      <object_component id="oc-fc">
         <name>AdcbRegsFile</name>
         <uninitialized>true</uninitialized>
         <run_address>0x7480</run_address>
         <size>0x76</size>
         <input_file_ref idref="fl-a"/>
      </object_component>
      <object_component id="oc-fd">
         <name>AdccRegsFile</name>
         <uninitialized>true</uninitialized>
         <run_address>0x7500</run_address>
         <size>0x76</size>
         <input_file_ref idref="fl-a"/>
      </object_component>
      <object_component id="oc-100">
         <name>AnalogSubsysRegsFile</name>
         <uninitialized>true</uninitialized>
         <run_address>0x5d700</run_address>
         <size>0x90</size>
         <input_file_ref idref="fl-a"/>
      </object_component>
      <object_component id="oc-10d">
         <name>CanaRegsFile</name>
         <uninitialized>true</uninitialized>
         <run_address>0x48000</run_address>
         <size>0x164</size>
         <input_file_ref idref="fl-a"/>
      </object_component>
      <object_component id="oc-10e">
         <name>CanbRegsFile</name>
         <uninitialized>true</uninitialized>
         <run_address>0x4a000</run_address>
         <size>0x164</size>
         <input_file_ref idref="fl-a"/>
      </object_component>
      <object_component id="oc-f7">
         <name>Cla1RegsFile</name>
         <uninitialized>true</uninitialized>
         <run_address>0x1400</run_address>
         <size>0x48</size>
         <input_file_ref idref="fl-a"/>
      </object_component>
      <object_component id="oc-ae">
         <name>Cla1SoftIntRegsFile</name>
         <uninitialized>true</uninitialized>
         <run_address>0xce0</run_address>
         <size>0x3</size>
         <input_file_ref idref="fl-a"/>
      </object_component>
      <object_component id="oc-e5">
         <name>ClaPromCrc0RegsFile</name>
         <uninitialized>true</uninitialized>
         <run_address>0x61c0</run_address>
         <size>0x20</size>
         <input_file_ref idref="fl-a"/>
      </object_component>
      <object_component id="oc-dd">
         <name>Cmpss1RegsFile</name>
         <uninitialized>true</uninitialized>
         <run_address>0x5c80</run_address>
         <size>0x1b</size>
         <input_file_ref idref="fl-a"/>
      </object_component>
      <object_component id="oc-de">
         <name>Cmpss2RegsFile</name>
         <uninitialized>true</uninitialized>
         <run_address>0x5ca0</run_address>
         <size>0x1b</size>
         <input_file_ref idref="fl-a"/>
      </object_component>
      <object_component id="oc-df">
         <name>Cmpss3RegsFile</name>
         <uninitialized>true</uninitialized>
         <run_address>0x5cc0</run_address>
         <size>0x1b</size>
         <input_file_ref idref="fl-a"/>
      </object_component>
      <object_component id="oc-e0">
         <name>Cmpss4RegsFile</name>
         <uninitialized>true</uninitialized>
         <run_address>0x5ce0</run_address>
         <size>0x1b</size>
         <input_file_ref idref="fl-a"/>
      </object_component>
      <object_component id="oc-e1">
         <name>Cmpss5RegsFile</name>
         <uninitialized>true</uninitialized>
         <run_address>0x5d00</run_address>
         <size>0x1b</size>
         <input_file_ref idref="fl-a"/>
      </object_component>
      <object_component id="oc-e2">
         <name>Cmpss6RegsFile</name>
         <uninitialized>true</uninitialized>
         <run_address>0x5d20</run_address>
         <size>0x1b</size>
         <input_file_ref idref="fl-a"/>
      </object_component>
      <object_component id="oc-e3">
         <name>Cmpss7RegsFile</name>
         <uninitialized>true</uninitialized>
         <run_address>0x5d40</run_address>
         <size>0x1b</size>
         <input_file_ref idref="fl-a"/>
      </object_component>
      <object_component id="oc-b3">
         <name>CpuTimer0RegsFile</name>
         <uninitialized>true</uninitialized>
         <run_address>0xc00</run_address>
         <size>0x8</size>
         <input_file_ref idref="fl-a"/>
      </object_component>
      <object_component id="oc-b4">
         <name>CpuTimer1RegsFile</name>
         <uninitialized>true</uninitialized>
         <run_address>0xc08</run_address>
         <size>0x8</size>
         <input_file_ref idref="fl-a"/>
      </object_component>
      <object_component id="oc-b5">
         <name>CpuTimer2RegsFile</name>
         <uninitialized>true</uninitialized>
         <run_address>0xc10</run_address>
         <size>0x8</size>
         <input_file_ref idref="fl-a"/>
      </object_component>
      <object_component id="oc-b0">
         <name>DacaRegsFile</name>
         <uninitialized>true</uninitialized>
         <run_address>0x5c00</run_address>
         <size>0x7</size>
         <input_file_ref idref="fl-a"/>
      </object_component>
      <object_component id="oc-b1">
         <name>DacbRegsFile</name>
         <uninitialized>true</uninitialized>
         <run_address>0x5c10</run_address>
         <size>0x7</size>
         <input_file_ref idref="fl-a"/>
      </object_component>
      <object_component id="oc-ee">
         <name>Dcc0RegsFile</name>
         <uninitialized>true</uninitialized>
         <run_address>0x5e700</run_address>
         <size>0x2c</size>
         <input_file_ref idref="fl-a"/>
      </object_component>
      <object_component id="oc-e9">
         <name>DcsmBank0Z1RegsFile</name>
         <uninitialized>true</uninitialized>
         <run_address>0x5f000</run_address>
         <size>0x22</size>
         <input_file_ref idref="fl-a"/>
      </object_component>
      <object_component id="oc-ea">
         <name>DcsmBank0Z2RegsFile</name>
         <uninitialized>true</uninitialized>
         <run_address>0x5f040</run_address>
         <size>0x22</size>
         <input_file_ref idref="fl-a"/>
      </object_component>
      <object_component id="oc-e6">
         <name>DcsmBank1Z1RegsFile</name>
         <uninitialized>true</uninitialized>
         <run_address>0x5f100</run_address>
         <size>0x20</size>
         <input_file_ref idref="fl-a"/>
      </object_component>
      <object_component id="oc-e7">
         <name>DcsmBank1Z2RegsFile</name>
         <uninitialized>true</uninitialized>
         <run_address>0x5f140</run_address>
         <size>0x20</size>
         <input_file_ref idref="fl-a"/>
      </object_component>
      <object_component id="oc-cb">
         <name>DcsmCommonRegsFile</name>
         <uninitialized>true</uninitialized>
         <run_address>0x5f070</run_address>
         <size>0x10</size>
         <input_file_ref idref="fl-a"/>
      </object_component>
      <object_component id="oc-101">
         <name>DmaRegsFile</name>
         <uninitialized>true</uninitialized>
         <run_address>0x1000</run_address>
         <size>0xe0</size>
         <input_file_ref idref="fl-a"/>
      </object_component>
      <object_component id="oc-d4">
         <name>ECap1RegsFile</name>
         <uninitialized>true</uninitialized>
         <run_address>0x5200</run_address>
         <size>0x1a</size>
         <input_file_ref idref="fl-a"/>
      </object_component>
      <object_component id="oc-d5">
         <name>ECap2RegsFile</name>
         <uninitialized>true</uninitialized>
         <run_address>0x5240</run_address>
         <size>0x1a</size>
         <input_file_ref idref="fl-a"/>
      </object_component>
      <object_component id="oc-d6">
         <name>ECap3RegsFile</name>
         <uninitialized>true</uninitialized>
         <run_address>0x5280</run_address>
         <size>0x1a</size>
         <input_file_ref idref="fl-a"/>
      </object_component>
      <object_component id="oc-d7">
         <name>ECap4RegsFile</name>
         <uninitialized>true</uninitialized>
         <run_address>0x52c0</run_address>
         <size>0x1a</size>
         <input_file_ref idref="fl-a"/>
      </object_component>
      <object_component id="oc-d8">
         <name>ECap5RegsFile</name>
         <uninitialized>true</uninitialized>
         <run_address>0x5300</run_address>
         <size>0x1a</size>
         <input_file_ref idref="fl-a"/>
      </object_component>
      <object_component id="oc-d9">
         <name>ECap6RegsFile</name>
         <uninitialized>true</uninitialized>
         <run_address>0x5340</run_address>
         <size>0x1a</size>
         <input_file_ref idref="fl-a"/>
      </object_component>
      <object_component id="oc-da">
         <name>ECap7RegsFile</name>
         <uninitialized>true</uninitialized>
         <run_address>0x5380</run_address>
         <size>0x1a</size>
         <input_file_ref idref="fl-a"/>
      </object_component>
      <object_component id="oc-be">
         <name>Pga1RegsFile</name>
         <uninitialized>true</uninitialized>
         <run_address>0x5b00</run_address>
         <size>0xa</size>
         <input_file_ref idref="fl-a"/>
      </object_component>
      <object_component id="oc-bf">
         <name>Pga2RegsFile</name>
         <uninitialized>true</uninitialized>
         <run_address>0x5b10</run_address>
         <size>0xa</size>
         <input_file_ref idref="fl-a"/>
      </object_component>
      <object_component id="oc-c0">
         <name>Pga3RegsFile</name>
         <uninitialized>true</uninitialized>
         <run_address>0x5b20</run_address>
         <size>0xa</size>
         <input_file_ref idref="fl-a"/>
      </object_component>
      <object_component id="oc-c1">
         <name>Pga4RegsFile</name>
         <uninitialized>true</uninitialized>
         <run_address>0x5b30</run_address>
         <size>0xa</size>
         <input_file_ref idref="fl-a"/>
      </object_component>
      <object_component id="oc-c2">
         <name>Pga5RegsFile</name>
         <uninitialized>true</uninitialized>
         <run_address>0x5b40</run_address>
         <size>0xa</size>
         <input_file_ref idref="fl-a"/>
      </object_component>
      <object_component id="oc-c3">
         <name>Pga6RegsFile</name>
         <uninitialized>true</uninitialized>
         <run_address>0x5b50</run_address>
         <size>0xa</size>
         <input_file_ref idref="fl-a"/>
      </object_component>
      <object_component id="oc-c4">
         <name>Pga7RegsFile</name>
         <uninitialized>true</uninitialized>
         <run_address>0x5b60</run_address>
         <size>0xa</size>
         <input_file_ref idref="fl-a"/>
      </object_component>
      <object_component id="oc-104">
         <name>EPwm1RegsFile</name>
         <uninitialized>true</uninitialized>
         <run_address>0x4000</run_address>
         <size>0x100</size>
         <input_file_ref idref="fl-a"/>
      </object_component>
      <object_component id="oc-105">
         <name>EPwm2RegsFile</name>
         <uninitialized>true</uninitialized>
         <run_address>0x4100</run_address>
         <size>0x100</size>
         <input_file_ref idref="fl-a"/>
      </object_component>
      <object_component id="oc-106">
         <name>EPwm3RegsFile</name>
         <uninitialized>true</uninitialized>
         <run_address>0x4200</run_address>
         <size>0x100</size>
         <input_file_ref idref="fl-a"/>
      </object_component>
      <object_component id="oc-107">
         <name>EPwm4RegsFile</name>
         <uninitialized>true</uninitialized>
         <run_address>0x4300</run_address>
         <size>0x100</size>
         <input_file_ref idref="fl-a"/>
      </object_component>
      <object_component id="oc-108">
         <name>EPwm5RegsFile</name>
         <uninitialized>true</uninitialized>
         <run_address>0x4400</run_address>
         <size>0x100</size>
         <input_file_ref idref="fl-a"/>
      </object_component>
      <object_component id="oc-109">
         <name>EPwm6RegsFile</name>
         <uninitialized>true</uninitialized>
         <run_address>0x4500</run_address>
         <size>0x100</size>
         <input_file_ref idref="fl-a"/>
      </object_component>
      <object_component id="oc-10a">
         <name>EPwm7RegsFile</name>
         <uninitialized>true</uninitialized>
         <run_address>0x4600</run_address>
         <size>0x100</size>
         <input_file_ref idref="fl-a"/>
      </object_component>
      <object_component id="oc-10b">
         <name>EPwm8RegsFile</name>
         <uninitialized>true</uninitialized>
         <run_address>0x4700</run_address>
         <size>0x100</size>
         <input_file_ref idref="fl-a"/>
      </object_component>
      <object_component id="oc-f5">
         <name>EPwmXbarRegsFile</name>
         <uninitialized>true</uninitialized>
         <run_address>0x7a00</run_address>
         <size>0x40</size>
         <input_file_ref idref="fl-a"/>
      </object_component>
      <object_component id="oc-f1">
         <name>EQep1RegsFile</name>
         <uninitialized>true</uninitialized>
         <run_address>0x5100</run_address>
         <size>0x36</size>
         <input_file_ref idref="fl-a"/>
      </object_component>
      <object_component id="oc-f2">
         <name>EQep2RegsFile</name>
         <uninitialized>true</uninitialized>
         <run_address>0x5140</run_address>
         <size>0x36</size>
         <input_file_ref idref="fl-a"/>
      </object_component>
      <object_component id="oc-c9">
         <name>EnhancedDebugGlobalRegsFile</name>
         <uninitialized>true</uninitialized>
         <run_address>0x5e800</run_address>
         <size>0xb</size>
         <input_file_ref idref="fl-a"/>
      </object_component>
      <object_component id="oc-b6">
         <name>EnhancedDebugHWBP1RegsFile</name>
         <uninitialized>true</uninitialized>
         <run_address>0x5e900</run_address>
         <size>0x8</size>
         <input_file_ref idref="fl-a"/>
      </object_component>
      <object_component id="oc-b7">
         <name>EnhancedDebugHWBP2RegsFile</name>
         <uninitialized>true</uninitialized>
         <run_address>0x5e908</run_address>
         <size>0x8</size>
         <input_file_ref idref="fl-a"/>
      </object_component>
      <object_component id="oc-b8">
         <name>EnhancedDebugHWBP3RegsFile</name>
         <uninitialized>true</uninitialized>
         <run_address>0x5e910</run_address>
         <size>0x8</size>
         <input_file_ref idref="fl-a"/>
      </object_component>
      <object_component id="oc-b9">
         <name>EnhancedDebugHWBP4RegsFile</name>
         <uninitialized>true</uninitialized>
         <run_address>0x5e918</run_address>
         <size>0x8</size>
         <input_file_ref idref="fl-a"/>
      </object_component>
      <object_component id="oc-ba">
         <name>EnhancedDebugHWBP5RegsFile</name>
         <uninitialized>true</uninitialized>
         <run_address>0x5e920</run_address>
         <size>0x8</size>
         <input_file_ref idref="fl-a"/>
      </object_component>
      <object_component id="oc-bb">
         <name>EnhancedDebugHWBP6RegsFile</name>
         <uninitialized>true</uninitialized>
         <run_address>0x5e928</run_address>
         <size>0x8</size>
         <input_file_ref idref="fl-a"/>
      </object_component>
      <object_component id="oc-bc">
         <name>EnhancedDebugHWBP7RegsFile</name>
         <uninitialized>true</uninitialized>
         <run_address>0x5e930</run_address>
         <size>0x8</size>
         <input_file_ref idref="fl-a"/>
      </object_component>
      <object_component id="oc-bd">
         <name>EnhancedDebugHWBP8RegsFile</name>
         <uninitialized>true</uninitialized>
         <run_address>0x5e938</run_address>
         <size>0x8</size>
         <input_file_ref idref="fl-a"/>
      </object_component>
      <object_component id="oc-c5">
         <name>EnhancedDebugCounter1RegsFile</name>
         <uninitialized>true</uninitialized>
         <run_address>0x5e980</run_address>
         <size>0xa</size>
         <input_file_ref idref="fl-a"/>
      </object_component>
      <object_component id="oc-c6">
         <name>EnhancedDebugCounter2RegsFile</name>
         <uninitialized>true</uninitialized>
         <run_address>0x5e990</run_address>
         <size>0xa</size>
         <input_file_ref idref="fl-a"/>
      </object_component>
      <object_component id="oc-c7">
         <name>EnhancedDebugCounter3RegsFile</name>
         <uninitialized>true</uninitialized>
         <run_address>0x5e9a0</run_address>
         <size>0xa</size>
         <input_file_ref idref="fl-a"/>
      </object_component>
      <object_component id="oc-c8">
         <name>EnhancedDebugCounter4RegsFile</name>
         <uninitialized>true</uninitialized>
         <run_address>0x5e9b0</run_address>
         <size>0xa</size>
         <input_file_ref idref="fl-a"/>
      </object_component>
      <object_component id="oc-10f">
         <name>Flash0CtrlRegsFile</name>
         <uninitialized>true</uninitialized>
         <run_address>0x5f800</run_address>
         <size>0x182</size>
         <input_file_ref idref="fl-a"/>
      </object_component>
      <object_component id="oc-ec">
         <name>Flash0EccRegsFile</name>
         <uninitialized>true</uninitialized>
         <run_address>0x5fb00</run_address>
         <size>0x28</size>
         <input_file_ref idref="fl-a"/>
      </object_component>
      <object_component id="oc-f8">
         <name>FsiTxaRegsFile</name>
         <uninitialized>true</uninitialized>
         <run_address>0x6600</run_address>
         <size>0x50</size>
         <input_file_ref idref="fl-a"/>
      </object_component>
      <object_component id="oc-f9">
         <name>FsiRxaRegsFile</name>
         <uninitialized>true</uninitialized>
         <run_address>0x6680</run_address>
         <size>0x50</size>
         <input_file_ref idref="fl-a"/>
      </object_component>
      <object_component id="oc-111">
         <name>GpioCtrlRegsFile</name>
         <uninitialized>true</uninitialized>
         <run_address>0x7c00</run_address>
         <size>0x200</size>
         <input_file_ref idref="fl-a"/>
      </object_component>
      <object_component id="oc-f3">
         <name>GpioDataRegsFile</name>
         <uninitialized>true</uninitialized>
         <run_address>0x7f00</run_address>
         <size>0x3a</size>
         <input_file_ref idref="fl-a"/>
      </object_component>
      <object_component id="oc-eb">
         <name>I2caRegsFile</name>
         <uninitialized>true</uninitialized>
         <run_address>0x7300</run_address>
         <size>0x22</size>
         <input_file_ref idref="fl-a"/>
      </object_component>
      <object_component id="oc-e8">
         <name>InputXbarRegsFile</name>
         <uninitialized>true</uninitialized>
         <run_address>0x7900</run_address>
         <size>0x20</size>
         <input_file_ref idref="fl-a"/>
      </object_component>
      <object_component id="oc-cc">
         <name>XbarRegsFile</name>
         <uninitialized>true</uninitialized>
         <run_address>0x7920</run_address>
         <size>0x10</size>
         <input_file_ref idref="fl-a"/>
      </object_component>
      <object_component id="oc-102">
         <name>LinaRegsFile</name>
         <uninitialized>true</uninitialized>
         <run_address>0x6a00</run_address>
         <size>0xec</size>
         <input_file_ref idref="fl-a"/>
      </object_component>
      <object_component id="oc-103">
         <name>LinbRegsFile</name>
         <uninitialized>true</uninitialized>
         <run_address>0x6b00</run_address>
         <size>0xec</size>
         <input_file_ref idref="fl-a"/>
      </object_component>
      <object_component id="oc-fe">
         <name>MemCfgRegsFile</name>
         <uninitialized>true</uninitialized>
         <run_address>0x5f400</run_address>
         <size>0x76</size>
         <input_file_ref idref="fl-a"/>
      </object_component>
      <object_component id="oc-ef">
         <name>AccessProtectionRegsFile</name>
         <uninitialized>true</uninitialized>
         <run_address>0x5f4c0</run_address>
         <size>0x2e</size>
         <input_file_ref idref="fl-a"/>
      </object_component>
      <object_component id="oc-f4">
         <name>MemoryErrorRegsFile</name>
         <uninitialized>true</uninitialized>
         <run_address>0x5f500</run_address>
         <size>0x3a</size>
         <input_file_ref idref="fl-a"/>
      </object_component>
      <object_component id="oc-b2">
         <name>NmiIntruptRegsFile</name>
         <uninitialized>true</uninitialized>
         <run_address>0x7060</run_address>
         <size>0x7</size>
         <input_file_ref idref="fl-a"/>
      </object_component>
      <object_component id="oc-f6">
         <name>OutputXbarRegsFile</name>
         <uninitialized>true</uninitialized>
         <run_address>0x7a80</run_address>
         <size>0x40</size>
         <input_file_ref idref="fl-a"/>
      </object_component>
      <object_component id="oc-db">
         <name>PieCtrlRegsFile</name>
         <uninitialized>true</uninitialized>
         <run_address>0xce0</run_address>
         <size>0x1a</size>
         <input_file_ref idref="fl-a"/>
      </object_component>
      <object_component id="oc-e4">
         <name>PmbusaRegsFile</name>
         <uninitialized>true</uninitialized>
         <run_address>0x6400</run_address>
         <size>0x1e</size>
         <input_file_ref idref="fl-a"/>
      </object_component>
      <object_component id="oc-cd">
         <name>SciaRegsFile</name>
         <uninitialized>true</uninitialized>
         <run_address>0x7200</run_address>
         <size>0x10</size>
         <input_file_ref idref="fl-a"/>
      </object_component>
      <object_component id="oc-ce">
         <name>ScibRegsFile</name>
         <uninitialized>true</uninitialized>
         <run_address>0x7210</run_address>
         <size>0x10</size>
         <input_file_ref idref="fl-a"/>
      </object_component>
      <object_component id="oc-fa">
         <name>Sdfm1RegsFile</name>
         <uninitialized>true</uninitialized>
         <run_address>0x5e00</run_address>
         <size>0x50</size>
         <input_file_ref idref="fl-a"/>
      </object_component>
      <object_component id="oc-cf">
         <name>SpiaRegsFile</name>
         <uninitialized>true</uninitialized>
         <run_address>0x6100</run_address>
         <size>0x10</size>
         <input_file_ref idref="fl-a"/>
      </object_component>
      <object_component id="oc-d0">
         <name>SpibRegsFile</name>
         <uninitialized>true</uninitialized>
         <run_address>0x6110</run_address>
         <size>0x10</size>
         <input_file_ref idref="fl-a"/>
      </object_component>
      <object_component id="oc-ed">
         <name>WdRegsFile</name>
         <uninitialized>true</uninitialized>
         <run_address>0x7000</run_address>
         <size>0x2b</size>
         <input_file_ref idref="fl-a"/>
      </object_component>
      <object_component id="oc-dc">
         <name>DmaClaSrcSelRegsFile</name>
         <uninitialized>true</uninitialized>
         <run_address>0x7980</run_address>
         <size>0x1a</size>
         <input_file_ref idref="fl-a"/>
      </object_component>
      <object_component id="oc-10c">
         <name>DevCfgRegsFile</name>
         <uninitialized>true</uninitialized>
         <run_address>0x5d000</run_address>
         <size>0x132</size>
         <input_file_ref idref="fl-a"/>
      </object_component>
      <object_component id="oc-f0">
         <name>ClkCfgRegsFile</name>
         <uninitialized>true</uninitialized>
         <run_address>0x5d200</run_address>
         <size>0x34</size>
         <input_file_ref idref="fl-a"/>
      </object_component>
      <object_component id="oc-ff">
         <name>CpuSysRegsFile</name>
         <uninitialized>true</uninitialized>
         <run_address>0x5d300</run_address>
         <size>0x82</size>
         <input_file_ref idref="fl-a"/>
      </object_component>
      <object_component id="oc-112">
         <name>SysPeriphAcRegsFile</name>
         <uninitialized>true</uninitialized>
         <run_address>0x5d500</run_address>
         <size>0x200</size>
         <input_file_ref idref="fl-a"/>
      </object_component>
      <object_component id="oc-af">
         <name>SyncSocRegsFile</name>
         <uninitialized>true</uninitialized>
         <run_address>0x7940</run_address>
         <size>0x6</size>
         <input_file_ref idref="fl-a"/>
      </object_component>
      <object_component id="oc-ca">
         <name>XintRegsFile</name>
         <uninitialized>true</uninitialized>
         <run_address>0x7070</run_address>
         <size>0xb</size>
         <input_file_ref idref="fl-a"/>
      </object_component>
      <object_component id="oc-7d">
         <name>.debug_info</name>
         <load_address>0x0</load_address>
         <run_address>0x0</run_address>
         <size>0x3367</size>
         <input_file_ref idref="fl-2"/>
      </object_component>
      <object_component id="oc-83">
         <name>.debug_info</name>
         <load_address>0x3367</load_address>
         <run_address>0x3367</run_address>
         <size>0xdcc1</size>
         <input_file_ref idref="fl-3"/>
      </object_component>
      <object_component id="oc-8a">
         <name>.debug_info</name>
         <load_address>0x11028</load_address>
         <run_address>0x11028</run_address>
         <size>0x1f1b9</size>
         <input_file_ref idref="fl-4"/>
      </object_component>
      <object_component id="oc-8f">
         <name>.debug_info</name>
         <load_address>0x301e1</load_address>
         <run_address>0x301e1</run_address>
         <size>0x2503</size>
         <input_file_ref idref="fl-5"/>
      </object_component>
      <object_component id="oc-95">
         <name>.debug_info</name>
         <load_address>0x326e4</load_address>
         <run_address>0x326e4</run_address>
         <size>0x5602</size>
         <input_file_ref idref="fl-6"/>
      </object_component>
      <object_component id="oc-9c">
         <name>.debug_info</name>
         <load_address>0x37ce6</load_address>
         <run_address>0x37ce6</run_address>
         <size>0xd9</size>
         <input_file_ref idref="fl-7"/>
      </object_component>
      <object_component id="oc-9f">
         <name>.debug_info</name>
         <load_address>0x37dbf</load_address>
         <run_address>0x37dbf</run_address>
         <size>0x803</size>
         <input_file_ref idref="fl-8"/>
      </object_component>
      <object_component id="oc-a5">
         <name>.debug_info</name>
         <load_address>0x385c2</load_address>
         <run_address>0x385c2</run_address>
         <size>0x12cc0</size>
         <input_file_ref idref="fl-9"/>
      </object_component>
      <object_component id="oc-ad">
         <name>.debug_info</name>
         <load_address>0x4b282</load_address>
         <run_address>0x4b282</run_address>
         <size>0x4c9ce</size>
         <input_file_ref idref="fl-a"/>
      </object_component>
      <object_component id="oc-114">
         <name>.debug_info</name>
         <load_address>0x97c50</load_address>
         <run_address>0x97c50</run_address>
         <size>0xa074</size>
         <input_file_ref idref="fl-b"/>
      </object_component>
      <object_component id="oc-119">
         <name>.debug_info</name>
         <load_address>0xa1cc4</load_address>
         <run_address>0xa1cc4</run_address>
         <size>0x352d</size>
         <input_file_ref idref="fl-c"/>
      </object_component>
      <object_component id="oc-11e">
         <name>.debug_info</name>
         <load_address>0xa51f1</load_address>
         <run_address>0xa51f1</run_address>
         <size>0x3512</size>
         <input_file_ref idref="fl-d"/>
      </object_component>
      <object_component id="oc-123">
         <name>.debug_info</name>
         <load_address>0xa8703</load_address>
         <run_address>0xa8703</run_address>
         <size>0x80ca</size>
         <input_file_ref idref="fl-e"/>
      </object_component>
      <object_component id="oc-12a">
         <name>.debug_info</name>
         <load_address>0xb07cd</load_address>
         <run_address>0xb07cd</run_address>
         <size>0xd3</size>
         <input_file_ref idref="fl-f"/>
      </object_component>
      <object_component id="oc-12d">
         <name>.debug_info</name>
         <load_address>0xb08a0</load_address>
         <run_address>0xb08a0</run_address>
         <size>0x6fcc</size>
         <input_file_ref idref="fl-10"/>
      </object_component>
      <object_component id="oc-132">
         <name>.debug_info</name>
         <load_address>0xb786c</load_address>
         <run_address>0xb786c</run_address>
         <size>0x53e</size>
         <input_file_ref idref="fl-11"/>
      </object_component>
      <object_component id="oc-138">
         <name>.debug_info</name>
         <load_address>0xb7daa</load_address>
         <run_address>0xb7daa</run_address>
         <size>0x368</size>
         <input_file_ref idref="fl-22"/>
      </object_component>
      <object_component id="oc-13d">
         <name>.debug_info</name>
         <load_address>0xb8112</load_address>
         <run_address>0xb8112</run_address>
         <size>0x349</size>
         <input_file_ref idref="fl-23"/>
      </object_component>
      <object_component id="oc-144">
         <name>.debug_info</name>
         <load_address>0xb845b</load_address>
         <run_address>0xb845b</run_address>
         <size>0x173</size>
         <input_file_ref idref="fl-24"/>
      </object_component>
      <object_component id="oc-149">
         <name>.debug_info</name>
         <load_address>0xb85ce</load_address>
         <run_address>0xb85ce</run_address>
         <size>0x114</size>
         <input_file_ref idref="fl-25"/>
      </object_component>
      <object_component id="oc-14d">
         <name>.debug_info</name>
         <load_address>0xb86e2</load_address>
         <run_address>0xb86e2</run_address>
         <size>0x561</size>
         <input_file_ref idref="fl-26"/>
      </object_component>
      <object_component id="oc-152">
         <name>.debug_info</name>
         <load_address>0xb8c43</load_address>
         <run_address>0xb8c43</run_address>
         <size>0x43a</size>
         <input_file_ref idref="fl-27"/>
      </object_component>
      <object_component id="oc-157">
         <name>.debug_info</name>
         <load_address>0xb907d</load_address>
         <run_address>0xb907d</run_address>
         <size>0x3ad</size>
         <input_file_ref idref="fl-28"/>
      </object_component>
      <object_component id="oc-15c">
         <name>.debug_info</name>
         <load_address>0xb942a</load_address>
         <run_address>0xb942a</run_address>
         <size>0x3aa</size>
         <input_file_ref idref="fl-29"/>
      </object_component>
      <object_component id="oc-161">
         <name>.debug_info</name>
         <load_address>0xb97d4</load_address>
         <run_address>0xb97d4</run_address>
         <size>0x544</size>
         <input_file_ref idref="fl-2a"/>
      </object_component>
      <object_component id="oc-168">
         <name>.debug_info</name>
         <load_address>0xb9d18</load_address>
         <run_address>0xb9d18</run_address>
         <size>0x4cc</size>
         <input_file_ref idref="fl-2b"/>
      </object_component>
      <object_component id="oc-16d">
         <name>.debug_info</name>
         <load_address>0xba1e4</load_address>
         <run_address>0xba1e4</run_address>
         <size>0x467</size>
         <input_file_ref idref="fl-2c"/>
      </object_component>
      <object_component id="oc-172">
         <name>.debug_info</name>
         <load_address>0xba64b</load_address>
         <run_address>0xba64b</run_address>
         <size>0x1c6</size>
         <input_file_ref idref="fl-2d"/>
      </object_component>
      <object_component id="oc-210">
         <name>.debug_info</name>
         <load_address>0xba811</load_address>
         <run_address>0xba811</run_address>
         <size>0x8e</size>
      </object_component>
      <object_component id="oc-7f">
         <name>.debug_frame</name>
         <load_address>0x0</load_address>
         <run_address>0x0</run_address>
         <size>0x28</size>
         <input_file_ref idref="fl-2"/>
      </object_component>
      <object_component id="oc-86">
         <name>.debug_frame</name>
         <load_address>0x28</load_address>
         <run_address>0x28</run_address>
         <size>0x28</size>
         <input_file_ref idref="fl-3"/>
      </object_component>
      <object_component id="oc-8b">
         <name>.debug_frame</name>
         <load_address>0x50</load_address>
         <run_address>0x50</run_address>
         <size>0x160</size>
         <input_file_ref idref="fl-4"/>
      </object_component>
      <object_component id="oc-91">
         <name>.debug_frame</name>
         <load_address>0x1b0</load_address>
         <run_address>0x1b0</run_address>
         <size>0x28</size>
         <input_file_ref idref="fl-5"/>
      </object_component>
      <object_component id="oc-96">
         <name>.debug_frame</name>
         <load_address>0x1d8</load_address>
         <run_address>0x1d8</run_address>
         <size>0x44</size>
         <input_file_ref idref="fl-6"/>
      </object_component>
      <object_component id="oc-a1">
         <name>.debug_frame</name>
         <load_address>0x21c</load_address>
         <run_address>0x21c</run_address>
         <size>0x28</size>
         <input_file_ref idref="fl-8"/>
      </object_component>
      <object_component id="oc-a9">
         <name>.debug_frame</name>
         <load_address>0x244</load_address>
         <run_address>0x244</run_address>
         <size>0xf58</size>
         <input_file_ref idref="fl-9"/>
      </object_component>
      <object_component id="oc-115">
         <name>.debug_frame</name>
         <load_address>0x119c</load_address>
         <run_address>0x119c</run_address>
         <size>0x178</size>
         <input_file_ref idref="fl-b"/>
      </object_component>
      <object_component id="oc-11a">
         <name>.debug_frame</name>
         <load_address>0x1314</load_address>
         <run_address>0x1314</run_address>
         <size>0x58</size>
         <input_file_ref idref="fl-c"/>
      </object_component>
      <object_component id="oc-11f">
         <name>.debug_frame</name>
         <load_address>0x136c</load_address>
         <run_address>0x136c</run_address>
         <size>0x44</size>
         <input_file_ref idref="fl-d"/>
      </object_component>
      <object_component id="oc-124">
         <name>.debug_frame</name>
         <load_address>0x13b0</load_address>
         <run_address>0x13b0</run_address>
         <size>0x1a0</size>
         <input_file_ref idref="fl-e"/>
      </object_component>
      <object_component id="oc-12e">
         <name>.debug_frame</name>
         <load_address>0x1550</load_address>
         <run_address>0x1550</run_address>
         <size>0x40</size>
         <input_file_ref idref="fl-10"/>
      </object_component>
      <object_component id="oc-134">
         <name>.debug_frame</name>
         <load_address>0x1590</load_address>
         <run_address>0x1590</run_address>
         <size>0x28</size>
         <input_file_ref idref="fl-11"/>
      </object_component>
      <object_component id="oc-139">
         <name>.debug_frame</name>
         <load_address>0x15b8</load_address>
         <run_address>0x15b8</run_address>
         <size>0x28</size>
         <input_file_ref idref="fl-22"/>
      </object_component>
      <object_component id="oc-13e">
         <name>.debug_frame</name>
         <load_address>0x15e0</load_address>
         <run_address>0x15e0</run_address>
         <size>0x28</size>
         <input_file_ref idref="fl-23"/>
      </object_component>
      <object_component id="oc-14e">
         <name>.debug_frame</name>
         <load_address>0x1608</load_address>
         <run_address>0x1608</run_address>
         <size>0x60</size>
         <input_file_ref idref="fl-26"/>
      </object_component>
      <object_component id="oc-153">
         <name>.debug_frame</name>
         <load_address>0x1668</load_address>
         <run_address>0x1668</run_address>
         <size>0x40</size>
         <input_file_ref idref="fl-27"/>
      </object_component>
      <object_component id="oc-158">
         <name>.debug_frame</name>
         <load_address>0x16a8</load_address>
         <run_address>0x16a8</run_address>
         <size>0x40</size>
         <input_file_ref idref="fl-28"/>
      </object_component>
      <object_component id="oc-15d">
         <name>.debug_frame</name>
         <load_address>0x16e8</load_address>
         <run_address>0x16e8</run_address>
         <size>0x40</size>
         <input_file_ref idref="fl-29"/>
      </object_component>
      <object_component id="oc-164">
         <name>.debug_frame</name>
         <load_address>0x1728</load_address>
         <run_address>0x1728</run_address>
         <size>0x60</size>
         <input_file_ref idref="fl-2a"/>
      </object_component>
      <object_component id="oc-169">
         <name>.debug_frame</name>
         <load_address>0x1788</load_address>
         <run_address>0x1788</run_address>
         <size>0x70</size>
         <input_file_ref idref="fl-2b"/>
      </object_component>
      <object_component id="oc-16e">
         <name>.debug_frame</name>
         <load_address>0x17f8</load_address>
         <run_address>0x17f8</run_address>
         <size>0x40</size>
         <input_file_ref idref="fl-2c"/>
      </object_component>
      <object_component id="oc-80">
         <name>.debug_line</name>
         <load_address>0x0</load_address>
         <run_address>0x0</run_address>
         <size>0x2a</size>
         <input_file_ref idref="fl-2"/>
      </object_component>
      <object_component id="oc-87">
         <name>.debug_line</name>
         <load_address>0x2a</load_address>
         <run_address>0x2a</run_address>
         <size>0x2b</size>
         <input_file_ref idref="fl-3"/>
      </object_component>
      <object_component id="oc-8c">
         <name>.debug_line</name>
         <load_address>0x55</load_address>
         <run_address>0x55</run_address>
         <size>0x242</size>
         <input_file_ref idref="fl-4"/>
      </object_component>
      <object_component id="oc-92">
         <name>.debug_line</name>
         <load_address>0x297</load_address>
         <run_address>0x297</run_address>
         <size>0x2f</size>
         <input_file_ref idref="fl-5"/>
      </object_component>
      <object_component id="oc-97">
         <name>.debug_line</name>
         <load_address>0x2c6</load_address>
         <run_address>0x2c6</run_address>
         <size>0x6e</size>
         <input_file_ref idref="fl-6"/>
      </object_component>
      <object_component id="oc-9b">
         <name>.debug_line</name>
         <load_address>0x334</load_address>
         <run_address>0x334</run_address>
         <size>0x4d</size>
         <input_file_ref idref="fl-7"/>
      </object_component>
      <object_component id="oc-a2">
         <name>.debug_line</name>
         <load_address>0x381</load_address>
         <run_address>0x381</run_address>
         <size>0x37</size>
         <input_file_ref idref="fl-8"/>
      </object_component>
      <object_component id="oc-aa">
         <name>.debug_line</name>
         <load_address>0x3b8</load_address>
         <run_address>0x3b8</run_address>
         <size>0xb5d</size>
         <input_file_ref idref="fl-9"/>
      </object_component>
      <object_component id="oc-116">
         <name>.debug_line</name>
         <load_address>0xf15</load_address>
         <run_address>0xf15</run_address>
         <size>0x20d</size>
         <input_file_ref idref="fl-b"/>
      </object_component>
      <object_component id="oc-11b">
         <name>.debug_line</name>
         <load_address>0x1122</load_address>
         <run_address>0x1122</run_address>
         <size>0x7f</size>
         <input_file_ref idref="fl-c"/>
      </object_component>
      <object_component id="oc-120">
         <name>.debug_line</name>
         <load_address>0x11a1</load_address>
         <run_address>0x11a1</run_address>
         <size>0x68</size>
         <input_file_ref idref="fl-d"/>
      </object_component>
      <object_component id="oc-125">
         <name>.debug_line</name>
         <load_address>0x1209</load_address>
         <run_address>0x1209</run_address>
         <size>0x32d</size>
         <input_file_ref idref="fl-e"/>
      </object_component>
      <object_component id="oc-129">
         <name>.debug_line</name>
         <load_address>0x1536</load_address>
         <run_address>0x1536</run_address>
         <size>0x47</size>
         <input_file_ref idref="fl-f"/>
      </object_component>
      <object_component id="oc-12f">
         <name>.debug_line</name>
         <load_address>0x157d</load_address>
         <run_address>0x157d</run_address>
         <size>0x58</size>
         <input_file_ref idref="fl-10"/>
      </object_component>
      <object_component id="oc-135">
         <name>.debug_line</name>
         <load_address>0x15d5</load_address>
         <run_address>0x15d5</run_address>
         <size>0x29</size>
         <input_file_ref idref="fl-11"/>
      </object_component>
      <object_component id="oc-13a">
         <name>.debug_line</name>
         <load_address>0x15fe</load_address>
         <run_address>0x15fe</run_address>
         <size>0x2a</size>
         <input_file_ref idref="fl-22"/>
      </object_component>
      <object_component id="oc-13f">
         <name>.debug_line</name>
         <load_address>0x1628</load_address>
         <run_address>0x1628</run_address>
         <size>0x29</size>
         <input_file_ref idref="fl-23"/>
      </object_component>
      <object_component id="oc-145">
         <name>.debug_line</name>
         <load_address>0x1651</load_address>
         <run_address>0x1651</run_address>
         <size>0x7e</size>
         <input_file_ref idref="fl-24"/>
      </object_component>
      <object_component id="oc-14a">
         <name>.debug_line</name>
         <load_address>0x16cf</load_address>
         <run_address>0x16cf</run_address>
         <size>0xad</size>
         <input_file_ref idref="fl-25"/>
      </object_component>
      <object_component id="oc-14f">
         <name>.debug_line</name>
         <load_address>0x177c</load_address>
         <run_address>0x177c</run_address>
         <size>0x50</size>
         <input_file_ref idref="fl-26"/>
      </object_component>
      <object_component id="oc-154">
         <name>.debug_line</name>
         <load_address>0x17cc</load_address>
         <run_address>0x17cc</run_address>
         <size>0x62</size>
         <input_file_ref idref="fl-27"/>
      </object_component>
      <object_component id="oc-159">
         <name>.debug_line</name>
         <load_address>0x182e</load_address>
         <run_address>0x182e</run_address>
         <size>0x3e</size>
         <input_file_ref idref="fl-28"/>
      </object_component>
      <object_component id="oc-15e">
         <name>.debug_line</name>
         <load_address>0x186c</load_address>
         <run_address>0x186c</run_address>
         <size>0x3a</size>
         <input_file_ref idref="fl-29"/>
      </object_component>
      <object_component id="oc-165">
         <name>.debug_line</name>
         <load_address>0x18a6</load_address>
         <run_address>0x18a6</run_address>
         <size>0x65</size>
         <input_file_ref idref="fl-2a"/>
      </object_component>
      <object_component id="oc-16a">
         <name>.debug_line</name>
         <load_address>0x190b</load_address>
         <run_address>0x190b</run_address>
         <size>0x5e</size>
         <input_file_ref idref="fl-2b"/>
      </object_component>
      <object_component id="oc-16f">
         <name>.debug_line</name>
         <load_address>0x1969</load_address>
         <run_address>0x1969</run_address>
         <size>0x4f</size>
         <input_file_ref idref="fl-2c"/>
      </object_component>
      <object_component id="oc-81">
         <name>.debug_abbrev</name>
         <load_address>0x0</load_address>
         <run_address>0x0</run_address>
         <size>0x151</size>
         <input_file_ref idref="fl-2"/>
      </object_component>
      <object_component id="oc-88">
         <name>.debug_abbrev</name>
         <load_address>0x151</load_address>
         <run_address>0x151</run_address>
         <size>0x177</size>
         <input_file_ref idref="fl-3"/>
      </object_component>
      <object_component id="oc-8d">
         <name>.debug_abbrev</name>
         <load_address>0x2c8</load_address>
         <run_address>0x2c8</run_address>
         <size>0x15e</size>
         <input_file_ref idref="fl-4"/>
      </object_component>
      <object_component id="oc-93">
         <name>.debug_abbrev</name>
         <load_address>0x426</load_address>
         <run_address>0x426</run_address>
         <size>0x121</size>
         <input_file_ref idref="fl-5"/>
      </object_component>
      <object_component id="oc-98">
         <name>.debug_abbrev</name>
         <load_address>0x547</load_address>
         <run_address>0x547</run_address>
         <size>0x101</size>
         <input_file_ref idref="fl-6"/>
      </object_component>
      <object_component id="oc-9d">
         <name>.debug_abbrev</name>
         <load_address>0x648</load_address>
         <run_address>0x648</run_address>
         <size>0x21</size>
         <input_file_ref idref="fl-7"/>
      </object_component>
      <object_component id="oc-a3">
         <name>.debug_abbrev</name>
         <load_address>0x669</load_address>
         <run_address>0x669</run_address>
         <size>0xfd</size>
         <input_file_ref idref="fl-8"/>
      </object_component>
      <object_component id="oc-ab">
         <name>.debug_abbrev</name>
         <load_address>0x766</load_address>
         <run_address>0x766</run_address>
         <size>0x1a5</size>
         <input_file_ref idref="fl-9"/>
      </object_component>
      <object_component id="oc-113">
         <name>.debug_abbrev</name>
         <load_address>0x90b</load_address>
         <run_address>0x90b</run_address>
         <size>0xcb</size>
         <input_file_ref idref="fl-a"/>
      </object_component>
      <object_component id="oc-117">
         <name>.debug_abbrev</name>
         <load_address>0x9d6</load_address>
         <run_address>0x9d6</run_address>
         <size>0x1a5</size>
         <input_file_ref idref="fl-b"/>
      </object_component>
      <object_component id="oc-11c">
         <name>.debug_abbrev</name>
         <load_address>0xb7b</load_address>
         <run_address>0xb7b</run_address>
         <size>0xc8</size>
         <input_file_ref idref="fl-c"/>
      </object_component>
      <object_component id="oc-121">
         <name>.debug_abbrev</name>
         <load_address>0xc43</load_address>
         <run_address>0xc43</run_address>
         <size>0xec</size>
         <input_file_ref idref="fl-d"/>
      </object_component>
      <object_component id="oc-126">
         <name>.debug_abbrev</name>
         <load_address>0xd2f</load_address>
         <run_address>0xd2f</run_address>
         <size>0x1c0</size>
         <input_file_ref idref="fl-e"/>
      </object_component>
      <object_component id="oc-12b">
         <name>.debug_abbrev</name>
         <load_address>0xeef</load_address>
         <run_address>0xeef</run_address>
         <size>0x2f</size>
         <input_file_ref idref="fl-f"/>
      </object_component>
      <object_component id="oc-130">
         <name>.debug_abbrev</name>
         <load_address>0xf1e</load_address>
         <run_address>0xf1e</run_address>
         <size>0x10b</size>
         <input_file_ref idref="fl-10"/>
      </object_component>
      <object_component id="oc-136">
         <name>.debug_abbrev</name>
         <load_address>0x1029</load_address>
         <run_address>0x1029</run_address>
         <size>0xc3</size>
         <input_file_ref idref="fl-11"/>
      </object_component>
      <object_component id="oc-13b">
         <name>.debug_abbrev</name>
         <load_address>0x10ec</load_address>
         <run_address>0x10ec</run_address>
         <size>0xa4</size>
         <input_file_ref idref="fl-22"/>
      </object_component>
      <object_component id="oc-140">
         <name>.debug_abbrev</name>
         <load_address>0x1190</load_address>
         <run_address>0x1190</run_address>
         <size>0x84</size>
         <input_file_ref idref="fl-23"/>
      </object_component>
      <object_component id="oc-146">
         <name>.debug_abbrev</name>
         <load_address>0x1214</load_address>
         <run_address>0x1214</run_address>
         <size>0x46</size>
         <input_file_ref idref="fl-24"/>
      </object_component>
      <object_component id="oc-14b">
         <name>.debug_abbrev</name>
         <load_address>0x125a</load_address>
         <run_address>0x125a</run_address>
         <size>0x38</size>
         <input_file_ref idref="fl-25"/>
      </object_component>
      <object_component id="oc-150">
         <name>.debug_abbrev</name>
         <load_address>0x1292</load_address>
         <run_address>0x1292</run_address>
         <size>0xe3</size>
         <input_file_ref idref="fl-26"/>
      </object_component>
      <object_component id="oc-155">
         <name>.debug_abbrev</name>
         <load_address>0x1375</load_address>
         <run_address>0x1375</run_address>
         <size>0xa8</size>
         <input_file_ref idref="fl-27"/>
      </object_component>
      <object_component id="oc-15a">
         <name>.debug_abbrev</name>
         <load_address>0x141d</load_address>
         <run_address>0x141d</run_address>
         <size>0x68</size>
         <input_file_ref idref="fl-28"/>
      </object_component>
      <object_component id="oc-15f">
         <name>.debug_abbrev</name>
         <load_address>0x1485</load_address>
         <run_address>0x1485</run_address>
         <size>0x66</size>
         <input_file_ref idref="fl-29"/>
      </object_component>
      <object_component id="oc-166">
         <name>.debug_abbrev</name>
         <load_address>0x14eb</load_address>
         <run_address>0x14eb</run_address>
         <size>0x130</size>
         <input_file_ref idref="fl-2a"/>
      </object_component>
      <object_component id="oc-16b">
         <name>.debug_abbrev</name>
         <load_address>0x161b</load_address>
         <run_address>0x161b</run_address>
         <size>0xb2</size>
         <input_file_ref idref="fl-2b"/>
      </object_component>
      <object_component id="oc-170">
         <name>.debug_abbrev</name>
         <load_address>0x16cd</load_address>
         <run_address>0x16cd</run_address>
         <size>0xee</size>
         <input_file_ref idref="fl-2c"/>
      </object_component>
      <object_component id="oc-175">
         <name>.debug_abbrev</name>
         <load_address>0x17bb</load_address>
         <run_address>0x17bb</run_address>
         <size>0x31</size>
         <input_file_ref idref="fl-2d"/>
      </object_component>
      <object_component id="oc-211">
         <name>.debug_abbrev</name>
         <load_address>0x17ec</load_address>
         <run_address>0x17ec</run_address>
         <size>0xf</size>
      </object_component>
      <object_component id="oc-82">
         <name>.debug_aranges</name>
         <load_address>0x0</load_address>
         <run_address>0x0</run_address>
         <size>0x18</size>
         <input_file_ref idref="fl-2"/>
      </object_component>
      <object_component id="oc-89">
         <name>.debug_aranges</name>
         <load_address>0x18</load_address>
         <run_address>0x18</run_address>
         <size>0x18</size>
         <input_file_ref idref="fl-3"/>
      </object_component>
      <object_component id="oc-8e">
         <name>.debug_aranges</name>
         <load_address>0x30</load_address>
         <run_address>0x30</run_address>
         <size>0x80</size>
         <input_file_ref idref="fl-4"/>
      </object_component>
      <object_component id="oc-94">
         <name>.debug_aranges</name>
         <load_address>0xb0</load_address>
         <run_address>0xb0</run_address>
         <size>0x18</size>
         <input_file_ref idref="fl-5"/>
      </object_component>
      <object_component id="oc-99">
         <name>.debug_aranges</name>
         <load_address>0xc8</load_address>
         <run_address>0xc8</run_address>
         <size>0x20</size>
         <input_file_ref idref="fl-6"/>
      </object_component>
      <object_component id="oc-9e">
         <name>.debug_aranges</name>
         <load_address>0xe8</load_address>
         <run_address>0xe8</run_address>
         <size>0x20</size>
         <input_file_ref idref="fl-7"/>
      </object_component>
      <object_component id="oc-a4">
         <name>.debug_aranges</name>
         <load_address>0x108</load_address>
         <run_address>0x108</run_address>
         <size>0x18</size>
         <input_file_ref idref="fl-8"/>
      </object_component>
      <object_component id="oc-ac">
         <name>.debug_aranges</name>
         <load_address>0x120</load_address>
         <run_address>0x120</run_address>
         <size>0x3d8</size>
         <input_file_ref idref="fl-9"/>
      </object_component>
      <object_component id="oc-118">
         <name>.debug_aranges</name>
         <load_address>0x4f8</load_address>
         <run_address>0x4f8</run_address>
         <size>0x78</size>
         <input_file_ref idref="fl-b"/>
      </object_component>
      <object_component id="oc-11d">
         <name>.debug_aranges</name>
         <load_address>0x570</load_address>
         <run_address>0x570</run_address>
         <size>0x28</size>
         <input_file_ref idref="fl-c"/>
      </object_component>
      <object_component id="oc-122">
         <name>.debug_aranges</name>
         <load_address>0x598</load_address>
         <run_address>0x598</run_address>
         <size>0x20</size>
         <input_file_ref idref="fl-d"/>
      </object_component>
      <object_component id="oc-127">
         <name>.debug_aranges</name>
         <load_address>0x5b8</load_address>
         <run_address>0x5b8</run_address>
         <size>0x90</size>
         <input_file_ref idref="fl-e"/>
      </object_component>
      <object_component id="oc-12c">
         <name>.debug_aranges</name>
         <load_address>0x648</load_address>
         <run_address>0x648</run_address>
         <size>0x20</size>
         <input_file_ref idref="fl-f"/>
      </object_component>
      <object_component id="oc-131">
         <name>.debug_aranges</name>
         <load_address>0x668</load_address>
         <run_address>0x668</run_address>
         <size>0x20</size>
         <input_file_ref idref="fl-10"/>
      </object_component>
      <object_component id="oc-137">
         <name>.debug_aranges</name>
         <load_address>0x688</load_address>
         <run_address>0x688</run_address>
         <size>0x18</size>
         <input_file_ref idref="fl-11"/>
      </object_component>
      <object_component id="oc-13c">
         <name>.debug_aranges</name>
         <load_address>0x6a0</load_address>
         <run_address>0x6a0</run_address>
         <size>0x18</size>
         <input_file_ref idref="fl-22"/>
      </object_component>
      <object_component id="oc-141">
         <name>.debug_aranges</name>
         <load_address>0x6b8</load_address>
         <run_address>0x6b8</run_address>
         <size>0x18</size>
         <input_file_ref idref="fl-23"/>
      </object_component>
      <object_component id="oc-147">
         <name>.debug_aranges</name>
         <load_address>0x6d0</load_address>
         <run_address>0x6d0</run_address>
         <size>0x20</size>
         <input_file_ref idref="fl-24"/>
      </object_component>
      <object_component id="oc-14c">
         <name>.debug_aranges</name>
         <load_address>0x6f0</load_address>
         <run_address>0x6f0</run_address>
         <size>0x20</size>
         <input_file_ref idref="fl-25"/>
      </object_component>
      <object_component id="oc-151">
         <name>.debug_aranges</name>
         <load_address>0x710</load_address>
         <run_address>0x710</run_address>
         <size>0x20</size>
         <input_file_ref idref="fl-26"/>
      </object_component>
      <object_component id="oc-156">
         <name>.debug_aranges</name>
         <load_address>0x730</load_address>
         <run_address>0x730</run_address>
         <size>0x20</size>
         <input_file_ref idref="fl-27"/>
      </object_component>
      <object_component id="oc-15b">
         <name>.debug_aranges</name>
         <load_address>0x750</load_address>
         <run_address>0x750</run_address>
         <size>0x20</size>
         <input_file_ref idref="fl-28"/>
      </object_component>
      <object_component id="oc-160">
         <name>.debug_aranges</name>
         <load_address>0x770</load_address>
         <run_address>0x770</run_address>
         <size>0x20</size>
         <input_file_ref idref="fl-29"/>
      </object_component>
      <object_component id="oc-167">
         <name>.debug_aranges</name>
         <load_address>0x790</load_address>
         <run_address>0x790</run_address>
         <size>0x28</size>
         <input_file_ref idref="fl-2a"/>
      </object_component>
      <object_component id="oc-16c">
         <name>.debug_aranges</name>
         <load_address>0x7b8</load_address>
         <run_address>0x7b8</run_address>
         <size>0x30</size>
         <input_file_ref idref="fl-2b"/>
      </object_component>
      <object_component id="oc-171">
         <name>.debug_aranges</name>
         <load_address>0x7e8</load_address>
         <run_address>0x7e8</run_address>
         <size>0x20</size>
         <input_file_ref idref="fl-2c"/>
      </object_component>
   </object_component_list>
   <logical_group_list>
      <logical_group id="lg-2" display="no" color="cyan">
         <name>codestart</name>
         <load_address>0x0</load_address>
         <run_address>0x0</run_address>
         <size>0x2</size>
         <contents>
            <object_component_ref idref="oc-9a"/>
         </contents>
      </logical_group>
      <logical_group id="lg-3" display="no" color="cyan">
         <name>.TI.ramfunc</name>
         <load_address>0x25a</load_address>
         <run_address>0x25a</run_address>
         <size>0x4</size>
         <contents>
            <object_component_ref idref="oc-128"/>
         </contents>
      </logical_group>
      <logical_group id="lg-20d" display="no" color="cyan">
         <name>.text.1</name>
         <load_address>0x25e</load_address>
         <run_address>0x25e</run_address>
         <size>0x1a2</size>
         <contents>
            <object_component_ref idref="oc-148"/>
            <object_component_ref idref="oc-186"/>
            <object_component_ref idref="oc-7c"/>
            <object_component_ref idref="oc-17c"/>
            <object_component_ref idref="oc-17b"/>
            <object_component_ref idref="oc-176"/>
         </contents>
      </logical_group>
      <logical_group id="lg-20e" display="no" color="cyan">
         <name>.text.2</name>
         <load_address>0x8000</load_address>
         <run_address>0x8000</run_address>
         <size>0x7fb</size>
         <contents>
            <object_component_ref idref="oc-a8"/>
            <object_component_ref idref="oc-183"/>
            <object_component_ref idref="oc-17a"/>
            <object_component_ref idref="oc-184"/>
            <object_component_ref idref="oc-177"/>
            <object_component_ref idref="oc-178"/>
         </contents>
      </logical_group>
      <logical_group id="lg-20f" display="no" color="cyan">
         <name>.text.3</name>
         <load_address>0x8800</load_address>
         <run_address>0x8800</run_address>
         <size>0x599</size>
         <contents>
            <object_component_ref idref="oc-17f"/>
            <object_component_ref idref="oc-180"/>
            <object_component_ref idref="oc-185"/>
            <object_component_ref idref="oc-179"/>
            <object_component_ref idref="oc-181"/>
         </contents>
      </logical_group>
      <split_section id="lg-4" display="no" color="cyan">
         <name>.text</name>
         <contents>
            <logical_group_ref idref="lg-20d"/>
            <logical_group_ref idref="lg-20e"/>
            <logical_group_ref idref="lg-20f"/>
         </contents>
      </split_section>
      <logical_group id="lg-5" display="no" color="cyan">
         <name>.cinit</name>
         <load_address>0xf5</load_address>
         <run_address>0xf5</run_address>
         <size>0x165</size>
         <contents>
            <object_component_ref idref="oc-84"/>
            <object_component_ref idref="oc-a6"/>
            <object_component_ref idref="oc-162"/>
            <object_component_ref idref="oc-17e"/>
            <object_component_ref idref="oc-182"/>
            <object_component_ref idref="oc-173"/>
         </contents>
      </logical_group>
      <logical_group id="lg-6" display="no" color="cyan">
         <name>.pinit</name>
         <run_address>0x0</run_address>
         <size>0x0</size>
         <contents>
         </contents>
      </logical_group>
      <logical_group id="lg-7" display="no" color="cyan">
         <name>.switch</name>
         <run_address>0x0</run_address>
         <size>0x0</size>
         <contents>
         </contents>
      </logical_group>
      <logical_group id="lg-8" display="no" color="cyan">
         <name>.reset</name>
         <load_address>0x3fffc0</load_address>
         <run_address>0x3fffc0</run_address>
         <size>0x2</size>
         <contents>
            <object_component_ref idref="oc-143"/>
         </contents>
      </logical_group>
      <logical_group id="lg-9" display="no" color="cyan">
         <name>.stack</name>
         <run_address>0x400</run_address>
         <size>0x200</size>
         <contents>
            <object_component_ref idref="oc-142"/>
            <object_component_ref idref="oc-20c"/>
         </contents>
      </logical_group>
      <logical_group id="lg-a" display="no" color="cyan">
         <name>.ebss</name>
         <run_address>0xa9c0</run_address>
         <size>0x1b9</size>
         <contents>
            <object_component_ref idref="oc-7e"/>
            <object_component_ref idref="oc-85"/>
            <object_component_ref idref="oc-90"/>
            <object_component_ref idref="oc-a0"/>
            <object_component_ref idref="oc-a7"/>
            <object_component_ref idref="oc-133"/>
[...]
         <value>0x5d300</value>
         <object_component_ref idref="oc-ff"/>
      </symbol>
      <symbol id="sm-441">
         <name>_Cla1SoftIntRegs</name>
         <value>0xce0</value>
         <object_component_ref idref="oc-ae"/>
      </symbol>
      <symbol id="sm-442">
         <name>_CanbRegs</name>
         <value>0x4a000</value>
         <object_component_ref idref="oc-10e"/>
      </symbol>
      <symbol id="sm-443">
         <name>_ECap6Regs</name>
         <value>0x5340</value>
         <object_component_ref idref="oc-d9"/>
      </symbol>
      <symbol id="sm-444">
         <name>_DmaRegs</name>
         <value>0x1000</value>
         <object_component_ref idref="oc-101"/>
      </symbol>
      <symbol id="sm-445">
         <name>_PmbusaRegs</name>
         <value>0x6400</value>
         <object_component_ref idref="oc-e4"/>
      </symbol>
      <symbol id="sm-446">
         <name>_XintRegs</name>
         <value>0x7070</value>
         <object_component_ref idref="oc-ca"/>
      </symbol>
      <symbol id="sm-447">
         <name>_CpuTimer0Regs</name>
         <value>0xc00</value>
         <object_component_ref idref="oc-b3"/>
      </symbol>
      <symbol id="sm-448">
         <name>_Cmpss5Regs</name>
         <value>0x5d00</value>
         <object_component_ref idref="oc-e1"/>
      </symbol>
      <symbol id="sm-449">
         <name>_AccessProtectionRegs</name>
         <value>0x5f4c0</value>
         <object_component_ref idref="oc-ef"/>
      </symbol>
      <symbol id="sm-44a">
         <name>_MemCfgRegs</name>
         <value>0x5f400</value>
         <object_component_ref idref="oc-fe"/>
      </symbol>
      <symbol id="sm-44b">
         <name>_DacaRegs</name>
         <value>0x5c00</value>
         <object_component_ref idref="oc-b0"/>
      </symbol>
      <symbol id="sm-44c">
         <name>_EPwm6Regs</name>
         <value>0x4500</value>
         <object_component_ref idref="oc-109"/>
      </symbol>
      <symbol id="sm-44d">
         <name>_Pga5Regs</name>
         <value>0x5b40</value>
         <object_component_ref idref="oc-c2"/>
      </symbol>
      <symbol id="sm-44e">
         <name>_AdcaRegs</name>
         <value>0x7400</value>
         <object_component_ref idref="oc-fb"/>
      </symbol>
      <symbol id="sm-44f">
         <name>_SciaRegs</name>
         <value>0x7200</value>
         <object_component_ref idref="oc-cd"/>
      </symbol>
      <symbol id="sm-450">
         <name>_ECap7Regs</name>
         <value>0x5380</value>
         <object_component_ref idref="oc-da"/>
      </symbol>
      <symbol id="sm-451">
         <name>_GpioDataRegs</name>
         <value>0x7f00</value>
         <object_component_ref idref="oc-f3"/>
      </symbol>
      <symbol id="sm-452">
         <name>_Sdfm1Regs</name>
         <value>0x5e00</value>
         <object_component_ref idref="oc-fa"/>
      </symbol>
      <symbol id="sm-453">
         <name>_EnhancedDebugHWBP6Regs</name>
         <value>0x5e928</value>
         <object_component_ref idref="oc-bb"/>
      </symbol>
      <symbol id="sm-454">
         <name>_Cmpss2Regs</name>
         <value>0x5ca0</value>
         <object_component_ref idref="oc-de"/>
      </symbol>
      <symbol id="sm-455">
         <name>_DcsmBank0Z2Regs</name>
         <value>0x5f040</value>
         <object_component_ref idref="oc-ea"/>
      </symbol>
      <symbol id="sm-456">
         <name>_FsiTxaRegs</name>
         <value>0x6600</value>
         <object_component_ref idref="oc-f8"/>
      </symbol>
      <symbol id="sm-457">
         <name>_Flash0CtrlRegs</name>
         <value>0x5f800</value>
         <object_component_ref idref="oc-10f"/>
      </symbol>
      <symbol id="sm-458">
         <name>_EPwm7Regs</name>
         <value>0x4600</value>
         <object_component_ref idref="oc-10a"/>
      </symbol>
      <symbol id="sm-459">
         <name>_Pga4Regs</name>
         <value>0x5b30</value>
         <object_component_ref idref="oc-c1"/>
      </symbol>
      <symbol id="sm-45a">
         <name>_CpuTimer2Regs</name>
         <value>0xc10</value>
         <object_component_ref idref="oc-b5"/>
      </symbol>
      <symbol id="sm-45b">
         <name>_EnhancedDebugHWBP7Regs</name>
         <value>0x5e930</value>
         <object_component_ref idref="oc-bc"/>
      </symbol>
      <symbol id="sm-45c">
         <name>_DmaClaSrcSelRegs</name>
         <value>0x7980</value>
         <object_component_ref idref="oc-dc"/>
      </symbol>
      <symbol id="sm-45d">
         <name>_AnalogSubsysRegs</name>
         <value>0x5d700</value>
         <object_component_ref idref="oc-100"/>
      </symbol>
      <symbol id="sm-45e">
         <name>_Cmpss3Regs</name>
         <value>0x5cc0</value>
         <object_component_ref idref="oc-df"/>
      </symbol>
      <symbol id="sm-45f">
         <name>_DcsmBank0Z1Regs</name>
         <value>0x5f000</value>
         <object_component_ref idref="oc-e9"/>
      </symbol>
      <symbol id="sm-460">
         <name>_PieCtrlRegs</name>
         <value>0xce0</value>
         <object_component_ref idref="oc-db"/>
      </symbol>
      <symbol id="sm-461">
         <name>_DevCfgRegs</name>
         <value>0x5d000</value>
         <object_component_ref idref="oc-10c"/>
      </symbol>
      <symbol id="sm-462">
         <name>_SpibRegs</name>
         <value>0x6110</value>
         <object_component_ref idref="oc-d0"/>
      </symbol>
      <symbol id="sm-463">
         <name>_Pga7Regs</name>
         <value>0x5b60</value>
         <object_component_ref idref="oc-c4"/>
      </symbol>
      <symbol id="sm-464">
         <name>_AdccRegs</name>
         <value>0x7500</value>
         <object_component_ref idref="oc-fd"/>
      </symbol>
      <symbol id="sm-465">
         <name>_ECap1Regs</name>
         <value>0x5200</value>
         <object_component_ref idref="oc-d4"/>
      </symbol>
      <symbol id="sm-466">
         <name>_OutputXbarRegs</name>
         <value>0x7a80</value>
         <object_component_ref idref="oc-f6"/>
      </symbol>
      <symbol id="sm-467">
         <name>_LinaRegs</name>
         <value>0x6a00</value>
         <object_component_ref idref="oc-102"/>
      </symbol>
      <symbol id="sm-468">
         <name>_MemoryErrorRegs</name>
         <value>0x5f500</value>
         <object_component_ref idref="oc-f4"/>
      </symbol>
      <symbol id="sm-469">
         <name>_Cla1Regs</name>
         <value>0x1400</value>
         <object_component_ref idref="oc-f7"/>
      </symbol>
      <symbol id="sm-46a">
         <name>_EQep1Regs</name>
         <value>0x5100</value>
         <object_component_ref idref="oc-f1"/>
      </symbol>
      <symbol id="sm-46b">
         <name>_EnhancedDebugHWBP4Regs</name>
         <value>0x5e918</value>
         <object_component_ref idref="oc-b9"/>
      </symbol>
      <symbol id="sm-46c">
         <name>_DcsmBank1Z2Regs</name>
         <value>0x5f140</value>
         <object_component_ref idref="oc-e7"/>
      </symbol>
      <symbol id="sm-46d">
         <name>_DacbRegs</name>
         <value>0x5c10</value>
         <object_component_ref idref="oc-b1"/>
      </symbol>
      <symbol id="sm-46e">
         <name>_EPwm1Regs</name>
         <value>0x4000</value>
         <object_component_ref idref="oc-104"/>
      </symbol>
      <symbol id="sm-46f">
         <name>_Pga6Regs</name>
         <value>0x5b50</value>
         <object_component_ref idref="oc-c3"/>
      </symbol>
      <symbol id="sm-470">
         <name>_AdcbRegs</name>
         <value>0x7480</value>
         <object_component_ref idref="oc-fc"/>
      </symbol>
      <symbol id="sm-471">
         <name>_ScibRegs</name>
         <value>0x7210</value>
         <object_component_ref idref="oc-ce"/>
      </symbol>
      <symbol id="sm-472">
         <name>_AdcaResultRegs</name>
         <value>0xb00</value>
         <object_component_ref idref="oc-d1"/>
      </symbol>
      <symbol id="sm-473">
         <name>_ECap2Regs</name>
         <value>0x5240</value>
         <object_component_ref idref="oc-d5"/>
      </symbol>
      <symbol id="sm-474">
         <name>_AdcbResultRegs</name>
         <value>0xb20</value>
         <object_component_ref idref="oc-d2"/>
      </symbol>
      <symbol id="sm-475">
         <name>_AdccResultRegs</name>
         <value>0xb40</value>
         <object_component_ref idref="oc-d3"/>
      </symbol>
      <symbol id="sm-476">
         <name>_EQep2Regs</name>
         <value>0x5140</value>
         <object_component_ref idref="oc-f2"/>
      </symbol>
      <symbol id="sm-477">
         <name>_EnhancedDebugHWBP5Regs</name>
         <value>0x5e920</value>
         <object_component_ref idref="oc-ba"/>
      </symbol>
      <symbol id="sm-478">
         <name>_Cmpss1Regs</name>
         <value>0x5c80</value>
         <object_component_ref idref="oc-dd"/>
      </symbol>
      <symbol id="sm-479">
         <name>_EnhancedDebugCounter1Regs</name>
         <value>0x5e980</value>
         <object_component_ref idref="oc-c5"/>
      </symbol>
      <symbol id="sm-47a">
         <name>_DcsmBank1Z1Regs</name>
         <value>0x5f100</value>
         <object_component_ref idref="oc-e6"/>
      </symbol>
      <symbol id="sm-47b">
         <name>_EPwm8Regs</name>
         <value>0x4700</value>
         <object_component_ref idref="oc-10b"/>
      </symbol>
      <symbol id="sm-47c">
         <name>_DcsmCommonRegs</name>
         <value>0x5f070</value>
         <object_component_ref idref="oc-cb"/>
      </symbol>
      <symbol id="sm-47d">
         <name>_EPwm2Regs</name>
         <value>0x4100</value>
         <object_component_ref idref="oc-105"/>
      </symbol>
      <symbol id="sm-47e">
         <name>_Pga1Regs</name>
         <value>0x5b00</value>
         <object_component_ref idref="oc-be"/>
      </symbol>
      <symbol id="sm-47f">
         <name>_ECap3Regs</name>
         <value>0x5280</value>
         <object_component_ref idref="oc-d6"/>
      </symbol>
      <symbol id="sm-480">
         <name>_ClaPromCrc0Regs</name>
         <value>0x61c0</value>
         <object_component_ref idref="oc-e5"/>
      </symbol>
      <symbol id="sm-481">
         <name>_EnhancedDebugHWBP2Regs</name>
         <value>0x5e908</value>
         <object_component_ref idref="oc-b7"/>
      </symbol>
      <symbol id="sm-482">
         <name>_SyncSocRegs</name>
         <value>0x7940</value>
         <object_component_ref idref="oc-af"/>
      </symbol>
      <symbol id="sm-483">
         <name>_NmiIntruptRegs</name>
         <value>0x7060</value>
         <object_component_ref idref="oc-b2"/>
      </symbol>
      <symbol id="sm-484">
         <name>_FsiRxaRegs</name>
         <value>0x6680</value>
         <object_component_ref idref="oc-f9"/>
      </symbol>
      <symbol id="sm-485">
         <name>_EPwm3Regs</name>
         <value>0x4200</value>
         <object_component_ref idref="oc-106"/>
      </symbol>
      <symbol id="sm-486">
         <name>_LinbRegs</name>
         <value>0x6b00</value>
         <object_component_ref idref="oc-103"/>
      </symbol>
      <symbol id="sm-487">
         <name>_I2caRegs</name>
         <value>0x7300</value>
         <object_component_ref idref="oc-eb"/>
      </symbol>
      <symbol id="sm-4a9">
         <name>_GPIO_SetupLock</name>
         <value>0x86e9</value>
         <object_component_ref idref="oc-183"/>
      </symbol>
      <symbol id="sm-4ab">
         <name>_GPIO_SetupXINT4Gpio</name>
         <value>0x8730</value>
         <object_component_ref idref="oc-183"/>
      </symbol>
      <symbol id="sm-4ad">
         <name>_InitGpio</name>
         <value>0x858b</value>
         <object_component_ref idref="oc-183"/>
      </symbol>
      <symbol id="sm-4af">
         <name>_GPIO_SetupXINT5Gpio</name>
         <value>0x873a</value>
         <object_component_ref idref="oc-183"/>
      </symbol>
      <symbol id="sm-4b1">
         <name>_GPIO_SetupXINT2Gpio</name>
         <value>0x871c</value>
         <object_component_ref idref="oc-183"/>
      </symbol>
      <symbol id="sm-4b3">
         <name>_GPIO_SetupXINT3Gpio</name>
         <value>0x8726</value>
         <object_component_ref idref="oc-183"/>
      </symbol>
      <symbol id="sm-4b5">
         <name>_GPIO_WritePin</name>
         <value>0x875b</value>
         <object_component_ref idref="oc-183"/>
      </symbol>
      <symbol id="sm-4b7">
         <name>_GPIO_SetupPinOptions</name>
         <value>0x8655</value>
         <object_component_ref idref="oc-183"/>
      </symbol>
      <symbol id="sm-4b9">
         <name>_GPIO_SetupXINT1Gpio</name>
         <value>0x8712</value>
         <object_component_ref idref="oc-183"/>
      </symbol>
      <symbol id="sm-4bb">
         <name>_GPIO_TogglePin</name>
         <value>0x8779</value>
         <object_component_ref idref="oc-183"/>
      </symbol>
      <symbol id="sm-4bd">
         <name>_GPIO_SetupPinMux</name>
         <value>0x85c9</value>
         <object_component_ref idref="oc-183"/>
      </symbol>
      <symbol id="sm-4bf">
         <name>_GPIO_ReadPin</name>
         <value>0x8744</value>
         <object_component_ref idref="oc-183"/>
      </symbol>
      <symbol id="sm-4cc">
         <name>_InitPieCtrl</name>
         <value>0x87b2</value>
         <object_component_ref idref="oc-184"/>
      </symbol>
      <symbol id="sm-4ce">
         <name>_EnableInterrupts</name>
         <value>0x87cd</value>
         <object_component_ref idref="oc-184"/>
      </symbol>
      <symbol id="sm-4df">
         <name>_PieVectTableInit</name>
         <value>0xa800</value>
         <object_component_ref idref="oc-188"/>
      </symbol>
      <symbol id="sm-4e0">
         <name>_InitPieVectTable</name>
         <value>0x8d5c</value>
         <object_component_ref idref="oc-185"/>
      </symbol>
      <symbol id="sm-514">
         <name>_InitSysPll</name>
         <value>0x88bc</value>
         <object_component_ref idref="oc-17f"/>
      </symbol>
      <symbol id="sm-516">
         <name>_DisablePeripheralClocks</name>
         <value>0x8886</value>
         <object_component_ref idref="oc-17f"/>
      </symbol>
      <symbol id="sm-518">
         <name>_DisableDog</name>
         <value>0x88ae</value>
         <object_component_ref idref="oc-17f"/>
      </symbol>
      <symbol id="sm-51a">
         <name>_SysIntOsc2Sel</name>
         <value>0x89bb</value>
         <object_component_ref idref="oc-17f"/>
      </symbol>
      <symbol id="sm-51c">
         <name>_HALT</name>
         <value>0x8a26</value>
         <object_component_ref idref="oc-17f"/>
      </symbol>
      <symbol id="sm-51e">
         <name>_IDLE</name>
         <value>0x8a1d</value>
         <object_component_ref idref="oc-17f"/>
      </symbol>
      <symbol id="sm-520">
         <name>_InitPeripheralClocks</name>
         <value>0x880e</value>
         <object_component_ref idref="oc-17f"/>
      </symbol>
      <symbol id="sm-522">
         <name>_SysXtalOscSel</name>
         <value>0x89e4</value>
         <object_component_ref idref="oc-17f"/>
      </symbol>
      <symbol id="sm-524">
         <name>_CsmUnlock</name>
         <value>0x898e</value>
         <object_component_ref idref="oc-17f"/>
      </symbol>
      <symbol id="sm-526">
         <name>_SysIntOsc1Sel</name>
         <value>0x89af</value>
         <object_component_ref idref="oc-17f"/>
      </symbol>
      <symbol id="sm-528">
         <name>_ServiceDog</name>
         <value>0x88a0</value>
         <object_component_ref idref="oc-17f"/>
      </symbol>
      <symbol id="sm-52a">
         <name>_IsPLLValid</name>
         <value>0x8a37</value>
         <object_component_ref idref="oc-17f"/>
      </symbol>
      <symbol id="sm-52c">
         <name>_InitSysCtrl</name>
         <value>0x8800</value>
         <object_component_ref idref="oc-17f"/>
      </symbol>
      <symbol id="sm-52e">
         <name>_SysXtalOscSESel</name>
         <value>0x8a07</value>
         <object_component_ref idref="oc-17f"/>
      </symbol>
      <symbol id="sm-53b">
         <name>_F28x_usDelay</name>
         <value>0x25a</value>
         <object_component_ref idref="oc-128"/>
      </symbol>
      <symbol id="sm-548">
         <name>_main</name>
         <value>0x3a4</value>
         <object_component_ref idref="oc-17c"/>
      </symbol>
      <symbol id="sm-555">
         <name>_sPID</name>
         <value>0xa9c0</value>
         <object_component_ref idref="oc-133"/>
      </symbol>
      <symbol id="sm-556">
         <name>_sPID_I</name>
         <value>0xaa40</value>
         <object_component_ref idref="oc-133"/>
      </symbol>
      <symbol id="sm-557">
         <name>_sPID_PO</name>
         <value>0xaa00</value>
         <object_component_ref idref="oc-133"/>
      </symbol>
      <symbol id="sm-584">
         <name>_c_int00</name>
         <value>0x34e</value>
         <object_component_ref idref="oc-7c"/>
      </symbol>
      <symbol id="sm-585">
         <name>__stack</name>
         <value>0x400</value>
         <object_component_ref idref="oc-142"/>
      </symbol>
      <symbol id="sm-596">
         <name>FS$$DIV</name>
         <value>0x25e</value>
         <object_component_ref idref="oc-148"/>
      </symbol>
      <symbol id="sm-5a5">
         <name>_copy_in</name>
         <value>0x87d6</value>
         <object_component_ref idref="oc-177"/>
      </symbol>
      <symbol id="sm-5b7">
         <name>_memcpy</name>
         <value>0x3e1</value>
         <object_component_ref idref="oc-17b"/>
      </symbol>
      <symbol id="sm-5c4">
         <name>__system_pre_init</name>
         <value>0x3fe</value>
         <object_component_ref idref="oc-176"/>
      </symbol>
      <symbol id="sm-5d2">
         <name>__system_post_cinit</name>
         <value>0x87fa</value>
         <object_component_ref idref="oc-178"/>
      </symbol>
      <symbol id="sm-5e7">
         <name>C$$EXIT</name>
         <value>0x8789</value>
         <object_component_ref idref="oc-17a"/>
      </symbol>
      <symbol id="sm-5e8">
         <name>_exit</name>
         <value>0x878b</value>
         <object_component_ref idref="oc-17a"/>
      </symbol>
      <symbol id="sm-5ea">
         <name>___TI_cleanup_ptr</name>
         <value>0xab72</value>
         <object_component_ref idref="oc-163"/>
      </symbol>
      <symbol id="sm-5eb">
         <name>___TI_enable_exit_profile_output</name>
         <value>0xab70</value>
         <object_component_ref idref="oc-163"/>
      </symbol>
      <symbol id="sm-5ec">
         <name>_abort</name>
         <value>0x8789</value>
         <object_component_ref idref="oc-17a"/>
      </symbol>
      <symbol id="sm-5ee">
         <name>___TI_dtors_ptr</name>
         <value>0xab74</value>
         <object_component_ref idref="oc-163"/>
      </symbol>
      <symbol id="sm-602">
         <name>__unlock</name>
         <value>0xab76</value>
         <object_component_ref idref="oc-187"/>
      </symbol>
      <symbol id="sm-603">
         <name>__lock</name>
         <value>0xaa7e</value>
         <object_component_ref idref="oc-17d"/>
      </symbol>
      <symbol id="sm-604">
         <name>__register_lock</name>
         <value>0x8d94</value>
         <object_component_ref idref="oc-181"/>
      </symbol>
      <symbol id="sm-606">
         <name>__nop</name>
         <value>0x8d98</value>
         <object_component_ref idref="oc-181"/>
      </symbol>
      <symbol id="sm-608">
         <name>__register_unlock</name>
         <value>0x8d90</value>
         <object_component_ref idref="oc-181"/>
      </symbol>
      <symbol id="sm-618">
         <name>__args_main</name>
         <value>0x8d7e</value>
         <object_component_ref idref="oc-179"/>
      </symbol>
      <symbol id="sm-623">
         <name>_errno</name>
         <value>0xab78</value>
         <object_component_ref idref="oc-174"/>
      </symbol>
   </symbol_table>
   <title>Link successful</title>
</link_info>
